
// For Example.add
var author$project$Example$add = F2(
	function (lhs, rhs) {
		var sum = lhs + rhs;
		return sum;
	});

// For Example.main
var author$project$Example$main = function () {
	var _n0 = author$project$Example$add;
	return elm$core$Platform$worker(
		{
			init: function (_n1) {
				return _Utils_Tuple2(_Utils_Tuple0, elm$core$Platform$Cmd$none);
			},
			subscriptions: function (_n2) {
				return elm$core$Platform$Sub$none;
			},
			update: F2(
				function (_n3, _n4) {
					return _Utils_Tuple2(_Utils_Tuple0, elm$core$Platform$Cmd$none);
				})
		});
}();
