Ã— One or more fully qualified elm function names must be provided.
